[START] Генерация 2 отзывов
[OK] Владимир (М) -> MoneyDay (5/5)
[OK] Анна (Ж) -> BunnyMoney (5/5)
[DONE] Отзывы созданы
[START] Генерация 2 отзывов
[OK] Владимир (М) -> Вебзайм (5/5)
[OK] Юрий (М) -> JoyMoney (5/5)
[DONE] Отзывы созданы
[START] Генерация 2 отзывов
[OK] Дарья (Ж) -> JoyMoney (5/5)
[OK] Михаил (М) -> Вебзайм (5/5)
[DONE] Отзывы созданы
[START] Генерация 2 отзывов
[OK] Оксана (Ж) -> Webbankir (5/5)
[OK] Полина (Ж) -> BunnyMoney (5/5)
[DONE] Отзывы созданы
[START] Генерация 2 отзывов
[OK] Юлия (Ж) -> BunnyMoney (5/5)
[OK] Екатерина (Ж) -> Webbankir (5/5)
[DONE] Отзывы созданы
[START] Генерация 1 отзывов
[OK] Тимур (М) -> Вебзайм (5/5)
[DONE] Отзывы созданы
